[     184ms] [INFO] %cDownload the React DevTools for a better development experience: https://react.dev/link/react-devtools font-weight:bold @ http://localhost:3007/_next/static/chunks/node_modules_next_dist_115brz8._.js:2431
[     209ms] [LOG] [HMR] connected @ http://localhost:3007/_next/static/chunks/node_modules_next_dist_115brz8._.js:2431
[  602474ms] [LOG] [Fast Refresh] rebuilding @ http://localhost:3007/_next/static/chunks/node_modules_next_dist_115brz8._.js:2431
[  602552ms] [LOG] [Fast Refresh] done in 181ms @ http://localhost:3007/_next/static/chunks/node_modules_next_dist_115brz8._.js:2431
[  604755ms] [LOG] [Fast Refresh] rebuilding @ http://localhost:3007/_next/static/chunks/node_modules_next_dist_115brz8._.js:2431
[  605126ms] [LOG] [Fast Refresh] done in 477ms @ http://localhost:3007/_next/static/chunks/node_modules_next_dist_115brz8._.js:2431
[  909913ms] [LOG] [Fast Refresh] rebuilding @ http://localhost:3007/_next/static/chunks/node_modules_next_dist_115brz8._.js:2431
[  910139ms] [LOG] [Fast Refresh] done in 333ms @ http://localhost:3007/_next/static/chunks/node_modules_next_dist_115brz8._.js:2431
[  910247ms] [LOG] [Fast Refresh] rebuilding @ http://localhost:3007/_next/static/chunks/node_modules_next_dist_115brz8._.js:2431
[  910269ms] [LOG] [Fast Refresh] done in 127ms @ http://localhost:3007/_next/static/chunks/node_modules_next_dist_115brz8._.js:2431
[  913210ms] [LOG] [Fast Refresh] rebuilding @ http://localhost:3007/_next/static/chunks/node_modules_next_dist_115brz8._.js:2431
[  913310ms] [LOG] [Fast Refresh] done in 140ms @ http://localhost:3007/_next/static/chunks/node_modules_next_dist_115brz8._.js:2431
[  913416ms] [LOG] [Fast Refresh] rebuilding @ http://localhost:3007/_next/static/chunks/node_modules_next_dist_115brz8._.js:2431
[  913438ms] [LOG] [Fast Refresh] done in 127ms @ http://localhost:3007/_next/static/chunks/node_modules_next_dist_115brz8._.js:2431
[  945092ms] [LOG] [Fast Refresh] rebuilding @ http://localhost:3007/_next/static/chunks/node_modules_next_dist_115brz8._.js:2431
[  945184ms] [LOG] [Fast Refresh] done in 201ms @ http://localhost:3007/_next/static/chunks/node_modules_next_dist_115brz8._.js:2431
[  983447ms] [LOG] [Fast Refresh] rebuilding @ http://localhost:3007/_next/static/chunks/node_modules_next_dist_115brz8._.js:2431
[  983528ms] [LOG] [Fast Refresh] done in 188ms @ http://localhost:3007/_next/static/chunks/node_modules_next_dist_115brz8._.js:2431
[  984008ms] [LOG] [Fast Refresh] rebuilding @ http://localhost:3007/_next/static/chunks/node_modules_next_dist_115brz8._.js:2431
[  984008ms] [LOG] [Fast Refresh] done in 101ms @ http://localhost:3007/_next/static/chunks/node_modules_next_dist_115brz8._.js:2431
[ 1116301ms] [LOG] [Fast Refresh] rebuilding @ http://localhost:3007/_next/static/chunks/node_modules_next_dist_115brz8._.js:2431
[ 1116365ms] [LOG] [Fast Refresh] done in 172ms @ http://localhost:3007/_next/static/chunks/node_modules_next_dist_115brz8._.js:2431
[ 1220626ms] [LOG] [Fast Refresh] rebuilding @ http://localhost:3007/_next/static/chunks/node_modules_next_dist_115brz8._.js:2431
[ 1220771ms] [LOG] [Fast Refresh] done in 209ms @ http://localhost:3007/_next/static/chunks/node_modules_next_dist_115brz8._.js:2431
[ 1248833ms] [LOG] [Fast Refresh] rebuilding @ http://localhost:3007/_next/static/chunks/node_modules_next_dist_115brz8._.js:2431
[ 1249263ms] [LOG] [Fast Refresh] done in 532ms @ http://localhost:3007/_next/static/chunks/node_modules_next_dist_115brz8._.js:2431
[ 1249443ms] [LOG] [Fast Refresh] rebuilding @ http://localhost:3007/_next/static/chunks/node_modules_next_dist_115brz8._.js:2431
[ 1249495ms] [LOG] [Fast Refresh] done in 156ms @ http://localhost:3007/_next/static/chunks/node_modules_next_dist_115brz8._.js:2431
[ 1249574ms] [INFO] %cDownload the React DevTools for a better development experience: https://react.dev/link/react-devtools font-weight:bold @ http://localhost:3007/_next/static/chunks/node_modules_next_dist_115brz8._.js:2431
[ 1249592ms] [LOG] [HMR] connected @ http://localhost:3007/_next/static/chunks/node_modules_next_dist_115brz8._.js:2431
[ 1273559ms] [LOG] [Fast Refresh] rebuilding @ http://localhost:3007/_next/static/chunks/node_modules_next_dist_115brz8._.js:2431
[ 1273573ms] [ERROR] Failed to load resource: the server responded with a status of 404 (Not Found) @ http://localhost:3001/api/migrate:0
[ 1273693ms] [LOG] [Fast Refresh] done in 97ms @ http://localhost:3007/_next/static/chunks/node_modules_next_dist_115brz8._.js:2431
[ 1278002ms] [LOG] [Fast Refresh] rebuilding @ http://localhost:3007/_next/static/chunks/node_modules_next_dist_115brz8._.js:2431
[ 1278064ms] [LOG] [Fast Refresh] done in 73ms @ http://localhost:3007/_next/static/chunks/node_modules_next_dist_115brz8._.js:2431
