[     111ms] [LOG] [Fast Refresh] rebuilding @ http://localhost:3007/_next/static/chunks/node_modules_next_dist_115brz8._.js:2431
[     198ms] [LOG] [Fast Refresh] done in 189ms @ http://localhost:3007/_next/static/chunks/node_modules_next_dist_115brz8._.js:2431
[     293ms] [INFO] %cDownload the React DevTools for a better development experience: https://react.dev/link/react-devtools font-weight:bold @ http://localhost:3007/_next/static/chunks/node_modules_next_dist_115brz8._.js:2431
[     310ms] [LOG] [HMR] connected @ http://localhost:3007/_next/static/chunks/node_modules_next_dist_115brz8._.js:2431
[   60556ms] [LOG] [Fast Refresh] rebuilding @ http://localhost:3007/_next/static/chunks/node_modules_next_dist_115brz8._.js:2431
[   60741ms] [ERROR] Failed to load resource: the server responded with a status of 404 (Not Found) @ http://localhost:3007/app/app/subjects/page.tsx:140-147:0
[   60777ms] [INFO] %cDownload the React DevTools for a better development experience: https://react.dev/link/react-devtools font-weight:bold @ http://localhost:3007/_next/static/chunks/node_modules_next_dist_115brz8._.js:2431
[   60786ms] [LOG] [HMR] connected @ http://localhost:3007/_next/static/chunks/node_modules_next_dist_115brz8._.js:2431
[   63924ms] [INFO] %cDownload the React DevTools for a better development experience: https://react.dev/link/react-devtools font-weight:bold @ http://localhost:3007/_next/static/chunks/node_modules_next_dist_115brz8._.js:2431
[   63945ms] [LOG] [HMR] connected @ http://localhost:3007/_next/static/chunks/node_modules_next_dist_115brz8._.js:2431
[   78206ms] [INFO] %cDownload the React DevTools for a better development experience: https://react.dev/link/react-devtools font-weight:bold @ http://localhost:3007/_next/static/chunks/node_modules_next_dist_115brz8._.js:2431
[   78225ms] [LOG] [HMR] connected @ http://localhost:3007/_next/static/chunks/node_modules_next_dist_115brz8._.js:2431
[  102085ms] [LOG] [Fast Refresh] rebuilding @ http://localhost:3007/_next/static/chunks/node_modules_next_dist_115brz8._.js:2431
[  102155ms] [LOG] [Fast Refresh] done in 75ms @ http://localhost:3007/_next/static/chunks/node_modules_next_dist_115brz8._.js:2431
[  363169ms] [LOG] [Fast Refresh] rebuilding @ http://localhost:3007/_next/static/chunks/node_modules_next_dist_115brz8._.js:2431
[  363283ms] [LOG] [Fast Refresh] done in 208ms @ http://localhost:3007/_next/static/chunks/node_modules_next_dist_115brz8._.js:2431
[  386108ms] [LOG] [Fast Refresh] rebuilding @ http://localhost:3007/_next/static/chunks/node_modules_next_dist_115brz8._.js:2431
[  386152ms] [LOG] [Fast Refresh] done in 101ms @ http://localhost:3007/_next/static/chunks/node_modules_next_dist_115brz8._.js:2431
[  386236ms] ReferenceError: cn is not defined
    at SubjectEditor (http://localhost:3007/_next/static/chunks/_09qw7m.._.js?id=%255Bproject%255D%252Fcomponents%252Fworkspace%252Fsubject-manager.tsx+%255Bapp-client%255D+%2528ecmascript%2529:605:44)
    at Object.react_stack_bottom_frame (http://localhost:3007/_next/static/chunks/node_modules_next_dist_compiled_react-dom_058-ah~._.js:15037:24)
    at renderWithHooks (http://localhost:3007/_next/static/chunks/node_modules_next_dist_compiled_react-dom_058-ah~._.js:4620:24)
    at updateFunctionComponent (http://localhost:3007/_next/static/chunks/node_modules_next_dist_compiled_react-dom_058-ah~._.js:6081:21)
    at beginWork (http://localhost:3007/_next/static/chunks/node_modules_next_dist_compiled_react-dom_058-ah~._.js:6691:24)
    at runWithFiberInDEV (http://localhost:3007/_next/static/chunks/node_modules_next_dist_compiled_react-dom_058-ah~._.js:965:74)
    at performUnitOfWork (http://localhost:3007/_next/static/chunks/node_modules_next_dist_compiled_react-dom_058-ah~._.js:9555:97)
    at workLoopSync (http://localhost:3007/_next/static/chunks/node_modules_next_dist_compiled_react-dom_058-ah~._.js:9449:40)
    at renderRootSync (http://localhost:3007/_next/static/chunks/node_modules_next_dist_compiled_react-dom_058-ah~._.js:9433:13)
    at performWorkOnRoot (http://localhost:3007/_next/static/chunks/node_modules_next_dist_compiled_react-dom_058-ah~._.js:9061:186)
    at performSyncWorkOnRoot (http://localhost:3007/_next/static/chunks/node_modules_next_dist_compiled_react-dom_058-ah~._.js:10263:9)
    at flushSyncWorkAcrossRoots_impl (http://localhost:3007/_next/static/chunks/node_modules_next_dist_compiled_react-dom_058-ah~._.js:10179:316)
    at processRootScheduleInMicrotask (http://localhost:3007/_next/static/chunks/node_modules_next_dist_compiled_react-dom_058-ah~._.js:10200:106)
    at http://localhost:3007/_next/static/chunks/node_modules_next_dist_compiled_react-dom_058-ah~._.js:10274:158
[  413583ms] [LOG] [Fast Refresh] rebuilding @ http://localhost:3007/_next/static/chunks/node_modules_next_dist_115brz8._.js:2431
[  413620ms] [WARNING] [Fast Refresh] performing full reload because your application had an unrecoverable error @ http://localhost:3007/_next/static/chunks/node_modules_next_dist_115brz8._.js:2431
[  413625ms] [ERROR] Encountered a script tag while rendering React component. Scripts inside React components are never executed when rendering on the client. Consider using template tag instead (https://developer.mozilla.org/en-US/docs/Web/HTML/Element/template). @ http://localhost:3007/_next/static/chunks/node_modules_next_dist_115brz8._.js:3272
[  413654ms] [LOG] [Fast Refresh] done in 118ms @ http://localhost:3007/_next/static/chunks/node_modules_next_dist_115brz8._.js:2431
[  413788ms] [WARNING] [boot] 拉取服务端模型失败： TypeError: Failed to fetch
    at fetchList (http://localhost:3007/_next/static/chunks/_12ufskn._.js:5537:23)
    at refreshCache (http://localhost:3007/_next/static/chunks/_12ufskn._.js:5563:12)
    at SeedBootstrap.useEffect (http://localhost:3007/_next/static/chunks/_12ufskn._.js:6185:180)
    at SeedBootstrap.useEffect (http://localhost:3007/_next/static/chunks/_12ufskn._.js:6192:42)
    at Object.react_stack_bottom_frame (http://localhost:3007/_next/static/chunks/node_modules_next_dist_compiled_react-dom_058-ah~._.js:15087:22)
    at runWithFiberInDEV (http://localhost:3007/_next/static/chunks/node_modules_next_dist_compiled_react-dom_058-ah~._.js:965:74)
    at commitHookEffectListMount (http://localhost:3007/_next/static/chunks/node_modules_next_dist_compiled_react-dom_058-ah~._.js:7255:167)
    at commitHookPassiveMountEffects (http://localhost:3007/_next/static/chunks/node_modules_next_dist_compiled_react-dom_058-ah~._.js:7290:60)
    at commitPassiveMountOnFiber (http://localhost:3007/_next/static/chunks/node_modules_next_dist_compiled_react-dom_058-ah~._.js:8689:33)
    at recursivelyTraversePassiveMountEffects (http://localhost:3007/_next/static/chunks/node_modules_next_dist_compiled_react-dom_058-ah~._.js:8676:316)
    at commitPassiveMountOnFiber (http://localhost:3007/_next/static/chunks/node_modules_next_dist_compiled_react-dom_058-ah~._.js:8750:17)
    at recursivelyTraversePassiveMountEffects (http://localhost:3007/_next/static/chunks/node_modules_next_dist_compiled_react-dom_058-ah~._.js:8676:316)
    at commitPassiveMountOnFiber (http://localhost:3007/_next/static/chunks/node_modules_next_dist_compiled_react-dom_058-ah~._.js:8688:17)
    at recursivelyTraversePassiveMountEffects (http://localhost:3007/_next/static/chunks/node_modules_next_dist_compiled_react-dom_058-ah~._.js:8676:316)
    at commitPassiveMountOnFiber (http://localhost:3007/_next/static/chunks/node_modules_next_dist_compiled_react-dom_058-ah~._.js:8688:17)
    at recursivelyTraversePassiveMountEffects (http://localhost:3007/_next/static/chunks/node_modules_next_dist_compiled_react-dom_058-ah~._.js:8676:316)
    at commitPassiveMountOnFiber (http://localhost:3007/_next/static/chunks/node_modules_next_dist_compiled_react-dom_058-ah~._.js:8688:17)
    at recursivelyTraversePassiveMountEffects (http://localhost:3007/_next/static/chunks/node_modules_next_dist_compiled_react-dom_058-ah~._.js:8676:316)
    at commitPassiveMountOnFiber (http://localhost:3007/_next/static/chunks/node_modules_next_dist_compiled_react-dom_058-ah~._.js:8750:17)
    at recursivelyTraversePassiveMountEffects (http://localhost:3007/_next/static/chunks/node_modules_next_dist_compiled_react-dom_058-ah~._.js:8676:316)
    at commitPassiveMountOnFiber (http://localhost:3007/_next/static/chunks/node_modules_next_dist_compiled_react-dom_058-ah~._.js:8688:17)
    at recursivelyTraversePassiveMountEffects (http://localhost:3007/_next/static/chunks/node_modules_next_dist_compiled_react-dom_058-ah~._.js:8676:316)
    at commitPassiveMountOnFiber (http://localhost:3007/_next/static/chunks/node_modules_next_dist_compiled_react-dom_058-ah~._.js:8688:17)
    at recursivelyTraversePassiveMountEffects (http://localhost:3007/_next/static/chunks/node_modules_next_dist_compiled_react-dom_058-ah~._.js:8676:316)
    at commitPassiveMountOnFiber (http://localhost:3007/_next/static/chunks/node_modules_next_dist_compiled_react-dom_058-ah~._.js:8688:17)
    at recursivelyTraversePassiveMountEffects (http://localhost:3007/_next/static/chunks/node_modules_next_dist_compiled_react-dom_058-ah~._.js:8676:316)
    at commitPassiveMountOnFiber (http://localhost:3007/_next/static/chunks/node_modules_next_dist_compiled_react-dom_058-ah~._.js:8750:17)
    at recursivelyTraversePassiveMountEffects (http://localhost:3007/_next/static/chunks/node_modules_next_dist_compiled_react-dom_058-ah~._.js:8676:316)
    at commitPassiveMountOnFiber (http://localhost:3007/_next/static/chunks/node_modules_next_dist_compiled_react-dom_058-ah~._.js:8750:17)
    at recursivelyTraversePassiveMountEffects (http://localhost:3007/_next/static/chunks/node_modules_next_dist_compiled_react-dom_058-ah~._.js:8676:316)
    at commitPassiveMountOnFiber (http://localhost:3007/_next/static/chunks/node_modules_next_dist_compiled_react-dom_058-ah~._.js:8750:17)
    at recursivelyTraversePassiveMountEffects (http://localhost:3007/_next/static/chunks/node_modules_next_dist_compiled_react-dom_058-ah~._.js:8676:316)
    at commitPassiveMountOnFiber (http://localhost:3007/_next/static/chunks/node_modules_next_dist_compiled_react-dom_058-ah~._.js:8688:17)
    at recursivelyTraversePassiveMountEffects (http://localhost:3007/_next/static/chunks/node_modules_next_dist_compiled_react-dom_058-ah~._.js:8676:316)
    at commitPassiveMountOnFiber (http://localhost:3007/_next/static/chunks/node_modules_next_dist_compiled_react-dom_058-ah~._.js:8688:17)
    at recursivelyTraversePassiveMountEffects (http://localhost:3007/_next/static/chunks/node_modules_next_dist_compiled_react-dom_058-ah~._.js:8676:316)
    at commitPassiveMountOnFiber (http://localhost:3007/_next/static/chunks/node_modules_next_dist_compiled_react-dom_058-ah~._.js:8693:17)
    at recursivelyTraversePassiveMountEffects (http://localhost:3007/_next/static/chunks/node_modules_next_dist_compiled_react-dom_058-ah~._.js:8676:316)
    at commitPassiveMountOnFiber (http://localhost:3007/_next/static/chunks/node_modules_next_dist_compiled_react-dom_058-ah~._.js:8688:17)
    at recursivelyTraversePassiveMountEffects (http://localhost:3007/_next/static/chunks/node_modules_next_dist_compiled_react-dom_058-ah~._.js:8676:316)
    at commitPassiveMountOnFiber (http://localhost:3007/_next/static/chunks/node_modules_next_dist_compiled_react-dom_058-ah~._.js:8693:17)
    at recursivelyTraversePassiveMountEffects (http://localhost:3007/_next/static/chunks/node_modules_next_dist_compiled_react-dom_058-ah~._.js:8676:316)
    at commitPassiveMountOnFiber (http://localhost:3007/_next/static/chunks/node_modules_next_dist_compiled_react-dom_058-ah~._.js:8688:17)
    at recursivelyTraversePassiveMountEffects (http://localhost:3007/_next/static/chunks/node_modules_next_dist_compiled_react-dom_058-ah~._.js:8676:316)
    at commitPassiveMountOnFiber (http://localhost:3007/_next/static/chunks/node_modules_next_dist_compiled_react-dom_058-ah~._.js:8688:17)
    at recursivelyTraversePassiveMountEffects (http://localhost:3007/_next/static/chunks/node_modules_next_dist_compiled_react-dom_058-ah~._.js:8676:316)
    at commitPassiveMountOnFiber (http://localhost:3007/_next/static/chunks/node_modules_next_dist_compiled_react-dom_058-ah~._.js:8693:17)
    at recursivelyTraversePassiveMountEffects (http://localhost:3007/_next/static/chunks/node_modules_next_dist_compiled_react-dom_058-ah~._.js:8676:316)
    at commitPassiveMountOnFiber (http://localhost:3007/_next/static/chunks/node_modules_next_dist_compiled_react-dom_058-ah~._.js:8688:17)
    at recursivelyTraversePassiveMountEffects (http://localhost:3007/_next/static/chunks/node_modules_next_dist_compiled_react-dom_058-ah~._.js:8676:316) @ http://localhost:3007/_next/static/chunks/node_modules_next_dist_115brz8._.js:2431
[  413877ms] [INFO] %cDownload the React DevTools for a better development experience: https://react.dev/link/react-devtools font-weight:bold @ http://localhost:3007/_next/static/chunks/node_modules_next_dist_115brz8._.js:2431
[  413893ms] [LOG] [HMR] connected @ http://localhost:3007/_next/static/chunks/node_modules_next_dist_115brz8._.js:2431
[  428986ms] [LOG] [Fast Refresh] rebuilding @ http://localhost:3007/_next/static/chunks/node_modules_next_dist_115brz8._.js:2431
[  429018ms] [LOG] [Fast Refresh] done in 102ms @ http://localhost:3007/_next/static/chunks/node_modules_next_dist_115brz8._.js:2431
[  441247ms] [LOG] [Fast Refresh] rebuilding @ http://localhost:3007/_next/static/chunks/node_modules_next_dist_115brz8._.js:2431
[  441278ms] [LOG] [Fast Refresh] done in 101ms @ http://localhost:3007/_next/static/chunks/node_modules_next_dist_115brz8._.js:2431
[  498118ms] [LOG] [Fast Refresh] rebuilding @ http://localhost:3007/_next/static/chunks/node_modules_next_dist_115brz8._.js:2431
[  498189ms] [LOG] [Fast Refresh] done in 87ms @ http://localhost:3007/_next/static/chunks/node_modules_next_dist_115brz8._.js:2431
[  509272ms] [LOG] [Fast Refresh] rebuilding @ http://localhost:3007/_next/static/chunks/node_modules_next_dist_115brz8._.js:2431
[  509342ms] [LOG] [Fast Refresh] done in 75ms @ http://localhost:3007/_next/static/chunks/node_modules_next_dist_115brz8._.js:2431
[  518450ms] [LOG] [Fast Refresh] rebuilding @ http://localhost:3007/_next/static/chunks/node_modules_next_dist_115brz8._.js:2431
[  518512ms] [LOG] [Fast Refresh] done in 74ms @ http://localhost:3007/_next/static/chunks/node_modules_next_dist_115brz8._.js:2431
[  524670ms] [LOG] [Fast Refresh] rebuilding @ http://localhost:3007/_next/static/chunks/node_modules_next_dist_115brz8._.js:2431
[  524726ms] [LOG] [Fast Refresh] done in 68ms @ http://localhost:3007/_next/static/chunks/node_modules_next_dist_115brz8._.js:2431
[  536629ms] [LOG] [Fast Refresh] rebuilding @ http://localhost:3007/_next/static/chunks/node_modules_next_dist_115brz8._.js:2431
[  536684ms] [LOG] [Fast Refresh] done in 33ms @ http://localhost:3007/_next/static/chunks/node_modules_next_dist_115brz8._.js:2431
[  539515ms] [LOG] [Fast Refresh] rebuilding @ http://localhost:3007/_next/static/chunks/node_modules_next_dist_115brz8._.js:2431
[  539580ms] [LOG] [Fast Refresh] done in 73ms @ http://localhost:3007/_next/static/chunks/node_modules_next_dist_115brz8._.js:2431
